// Jest Snapshot v1, https://goo.gl/fbAQLP

exports[`<TextField /> rendered correctly with Small fixture 1`] = `
<TextField
  disabled={false}
  id="demo"
  inline={false}
  isValid={true}
  isVerified={false}
  label="First Name"
  marker="none"
  markerTooltip={null}
  name="demo"
  onBlur={[Function]}
  onChange={[Function]}
  onFocus={[Function]}
  onMarkerClick={[Function]}
  small={true}
  value=""
>
  <div
    className="outer small"
  >
    <div
      className="block"
    >
      <input
        className="input small"
        disabled={false}
        id="demo"
        name="demo"
        onBlur={[Function]}
        onChange={[Function]}
        onFocus={[Function]}
        type="text"
        value=""
      />
      <div
        className="helper"
      />
      <label
        className="label small"
        htmlFor="demo"
      >
        First Name
      </label>
    </div>
  </div>
</TextField>
`;
