// Jest Snapshot v1, https://goo.gl/fbAQLP

exports[`<Section /> rendered correctly with Default fixture 1`] = `
<Section
  white={false}
>
  <div
    className="outer"
  >
    <div
      className="inner"
    >
      <h2>
        Heading
      </h2>
      <p>
        What a great description of this product. This is a paragraph of text made to emulate a more detailed description of the item being promoted.
      </p>
      <p>
        It is just so versatile!
      </p>
      <p>
        What a great description of this product. This is a paragraph of text made to emulate a more detailed description of the item being promoted. It is really good if you take the time to check it out.
      </p>
    </div>
  </div>
</Section>
`;

exports[`<Section /> rendered correctly with White fixture 1`] = `
<Section
  white={true}
>
  <div
    className="outer white"
  >
    <div
      className="inner"
    >
      <h2>
        Heading
      </h2>
      <p>
        What a great description of this product. This is a paragraph of text made to emulate a more detailed description of the item being promoted.
      </p>
      <p>
        It is just so versatile!
      </p>
      <p>
        What a great description of this product. This is a paragraph of text made to emulate a more detailed description of the item being promoted. It is really good if you take the time to check it out.
      </p>
    </div>
  </div>
</Section>
`;
